using cached images cbis_640x384_d304773305a3.npy

=== mt_cbam: train on 2434 official-train images, test on 368 official-test images ===
/kaggle/working/repo/src/mammo/train.py:159: UserWarning: Detected call of `lr_scheduler.step()` before `optimizer.step()`. In PyTorch 1.1.0 and later, you should call them in the opposite order: `optimizer.step()` before `lr_scheduler.step()`.  Failure to do this will result in PyTorch skipping the first value of the learning rate schedule. See more details at https://pytorch.org/docs/stable/optim.html#how-to-adjust-learning-rate
  sched.step()
    epoch 1/15  loss 2.5124  (54s)
    epoch 2/15  loss 2.3210  (29s)
    epoch 3/15  loss 2.1929  (30s)
    epoch 4/15  loss 2.0700  (30s)
    epoch 5/15  loss 1.9910  (30s)
    epoch 6/15  loss 1.9200  (31s)
    epoch 7/15  loss 1.8372  (31s)
    epoch 8/15  loss 1.7859  (31s)
    epoch 9/15  loss 1.7084  (32s)
    epoch 10/15  loss 1.6257  (31s)
    epoch 11/15  loss 1.5779  (31s)
    epoch 12/15  loss 1.5423  (31s)
    epoch 13/15  loss 1.4710  (32s)
    epoch 14/15  loss 1.4426  (31s)
    epoch 15/15  loss 1.4499  (31s)
    -> CBIS-DDSM official test: path_auc 0.746, path_accuracy 0.622, dens_accuracy 0.606, dens_qwk 0.711  (8.2 min)

=== st_dens: train on 2434 official-train images, test on 368 official-test images ===
/kaggle/working/repo/src/mammo/train.py:159: UserWarning: Detected call of `lr_scheduler.step()` before `optimizer.step()`. In PyTorch 1.1.0 and later, you should call them in the opposite order: `optimizer.step()` before `lr_scheduler.step()`.  Failure to do this will result in PyTorch skipping the first value of the learning rate schedule. See more details at https://pytorch.org/docs/stable/optim.html#how-to-adjust-learning-rate
  sched.step()
    epoch 1/15  loss 1.0761  (32s)
    epoch 2/15  loss 0.8648  (32s)
    epoch 3/15  loss 0.7927  (31s)
    epoch 4/15  loss 0.7434  (32s)
    epoch 5/15  loss 0.7255  (32s)
    epoch 6/15  loss 0.7024  (32s)
    epoch 7/15  loss 0.6726  (32s)
    epoch 8/15  loss 0.6520  (31s)
    epoch 9/15  loss 0.6280  (31s)
    epoch 10/15  loss 0.5809  (31s)
    epoch 11/15  loss 0.5666  (31s)
    epoch 12/15  loss 0.5477  (31s)
    epoch 13/15  loss 0.5195  (31s)
    epoch 14/15  loss 0.5104  (31s)
    epoch 15/15  loss 0.5133  (31s)
    -> CBIS-DDSM official test: dens_accuracy 0.674, dens_qwk 0.721  (7.9 min)
